// Jest Snapshot v1, https://goo.gl/fbAQLP

exports[`should render expense list with expenses 1`] = `
<div>
  <ExpenseListItem
    amount={10}
    createdAt={0}
    description="gum"
    id="1"
    key="1"
    note="nothing"
  />
  <ExpenseListItem
    amount={50}
    createdAt={-345600000}
    description="rent"
    id="2"
    key="2"
    note="lunch"
  />
  <ExpenseListItem
    amount={500}
    createdAt={345600000}
    description="credit card"
    id="3"
    key="3"
    note="breakfast"
  />
</div>
`;

exports[`should render expense list without expenses 1`] = `
<div>
  <p>
    No expenses related to this search
  </p>
</div>
`;
